[[1]]
 [1] "lubridate" "forcats"   "stringr"   "dplyr"     "purrr"     "readr"    
 [7] "tidyr"     "tibble"    "ggplot2"   "tidyverse" "stats"     "graphics" 
[13] "grDevices" "utils"     "datasets"  "methods"   "base"     

[[2]]
 [1] "Seurat"       "SeuratObject" "sp"           "lubridate"    "forcats"     
 [6] "stringr"      "dplyr"        "purrr"        "readr"        "tidyr"       
[11] "tibble"       "ggplot2"      "tidyverse"    "stats"        "graphics"    
[16] "grDevices"    "utils"        "datasets"     "methods"      "base"        

[[3]]
 [1] "harmony"      "Rcpp"         "Seurat"       "SeuratObject" "sp"          
 [6] "lubridate"    "forcats"      "stringr"      "dplyr"        "purrr"       
[11] "readr"        "tidyr"        "tibble"       "ggplot2"      "tidyverse"   
[16] "stats"        "graphics"     "grDevices"    "utils"        "datasets"    
[21] "methods"      "base"        

Loading SSD_RNAonly.rds...
Load time: 10.81002 mins 
Cells loaded: 139933 

Excluding metabolomics-absent samples...
Cells after metabolomics exclusion: 131226 

Filtering ambiguous genotype cells (XIST threshold = 0.2)...
Genotype vs XIST concordance:
        XIST_genotype
genotype    XX    XY
      XX 51317  2289
      XY  2329 75291
Cells after XIST filtering: 126608 

Removing low-cell-count samples...
Removed: SSD13_tissue13, SSD04_tissue4 
Flagged: SSD42_tissue42, SSD48_tissue48, SSD14_tissue14, SSD15_tissue15 
Cells after sample exclusion: 126489 

Reclustering...
Reclustering complete.

Saving SSD_RNAonly_filtered.rds...
Done. Final cell count: 126489 
Total time: 1.910825 hours 
